// Jest Snapshot v1, https://goo.gl/fbAQLP

exports[`Stylelint Required Prefix Plugin Tests should pass for valid css file 1`] = `[]`;

exports[`Stylelint Required Prefix Plugin Tests should return if enabled option is false 1`] = `[]`;

exports[`Stylelint Required Prefix Plugin Tests should return if ignore option is not a array 1`] = `[]`;

exports[`Stylelint Required Prefix Plugin Tests should return if prefix option is not a string 1`] = `[]`;

exports[`Stylelint Required Prefix Plugin Tests should throw error for invalid css file 1`] = `
[
  "Expected prefix "gc-" on selector ".selector" (@giovannicavallari/stylelint-required-prefix)",
  "Expected prefix "gc-" on selector ".selector .primary:hover" (@giovannicavallari/stylelint-required-prefix)",
  "Expected prefix "gc-" on selector ".selector .secondary:hover" (@giovannicavallari/stylelint-required-prefix)",
]
`;
